[Test Start] Fetching news using advanced pipeline with timeouts and active structured logging...

Please consider completing the survey at https://bit.ly/yahoo-finance-api-feedback if you haven't already; for more info see https://github.com/gadicc/yahoo-finance2/issues/764#issuecomment-2056623851.  This will only be shown once, but you can suppress this message in future with `new YahooFinance({ suppressNotices: ['yahooSurvey'] })`.
Fetched Data for SBIN.NS: Price=1048.9, Target=1207.8206
Fetched Data for GAIL.NS: Price=144.27, Target=195.19354
Fetched Data for RELIANCE.NS: Price=1384.8, Target=1717.1111
Fetched Data for BAJFINANCE.NS: Price=832.2, Target=1076.8857
Fetched Data for HCLTECH.NS: Price=1311.8, Target=1693.7073
Fetched Data for RELIANCE.NS: Price=1384.8, Target=1717.1111
Fetched Data for INDUSINDBK.NS: Price=816.3, Target=852.5
Fetched Data for RELIANCE.NS: Price=1384.8, Target=1717.1111
Fetched Data for NTPC.NS: Price=374.05, Target=421.19232
Fetched Data for RELIANCE.NS: Price=1384.8, Target=1717.1111
Fetched Data for RELIANCE.NS: Price=1384.8, Target=1717.1111
Fetched Data for RELIANCE.NS: Price=1384.8, Target=1717.1111
Fetched Data for INDIGO.NS: Price=4154.3, Target=5676.8
Fetched Data for RELIANCE.NS: Price=1384.8, Target=1717.1111
Fetched Data for IOC.NS: Price=142.73, Target=183.09677
Fetched Data for RELIANCE.NS: Price=1384.8, Target=1717.1111
Fetched Data for INDUSINDBK.NS: Price=816.3, Target=852.5
Fetched Data for HDFCBANK.NS: Price=798.2, Target=1152.8158
Fetched Data for SBIN.NS: Price=1048.9, Target=1207.8206
Fetched Data for HDFCBANK.NS: Price=798.2, Target=1152.8158
Fetched Data for COALINDIA.NS: Price=454.2, Target=423.43478
Fetched Data for HDFCBANK.NS: Price=798.2, Target=1152.8158
Fetched Data for HDFCBANK.NS: Price=798.2, Target=1152.8158
Fetched Data for SBIN.NS: Price=1048.9, Target=1207.8206
Fetched Data for HCLTECH.NS: Price=1311.8, Target=1693.7073
Fetched Data for HDFCBANK.NS: Price=798.2, Target=1152.8158
Fetched Data for TCS.NS: Price=2356, Target=3413.3635
Fetched Data for COALINDIA.NS: Price=454.2, Target=423.43478
Fetched Data for BHARTIARTL.NS: Price=1827, Target=2351.4688
Fetched Data for HDFCBANK.NS: Price=798.2, Target=1152.8158
Fetched Data for ADANIPORTS.NS: Price=1356, Target=1843.3043
Fetched Data for INDUSINDBK.NS: Price=816.3, Target=852.5
Fetched Data for BPCL.NS: Price=286, Target=414.1613
Fetched Data for TITAN.NS: Price=4037.9, Target=4793.5835
Fetched Data for ASIANPAINT.NS: Price=2186, Target=2731.4856
[News Pipeline] Fetched 166 articles ΓåÆ 166 after deduplication
[News Pipeline] Source Logs:
 [
  {
    "source": "Economic Times",
    "status": "success",
    "articlesFetched": 33,
    "attempts": 1
  },
  {
    "source": "MoneyControl",
    "status": "success",
    "articlesFetched": 4,
    "attempts": 1
  },
  {
    "source": "LiveMint",
    "status": "failed",
    "articlesFetched": 0,
    "attempts": 0,
    "error": "Failed after 3 attempts: HTTP 404 Not Found"
  },
  {
    "source": "CNBC TV18",
    "status": "failed",
    "articlesFetched": 0,
    "attempts": 0,
    "error": "Failed after 3 attempts: HTTP 400 Bad Request"
  },
  {
    "source": "Business Standard",
    "status": "success",
    "articlesFetched": 32,
    "attempts": 1
  },
  {
    "source": "Reuters",
    "status": "success",
    "articlesFetched": 97,
    "attempts": 1
  }
]

[Test End] Pipeline Execution time: 2.55s
[Test End] Total unique items successfully fetched and normalized: 166

Sample Item:
{
  "title": "HDFC Bank ADRs crash another 4% after sharp selloff, hinting at more losses on Friday ",
  "link": "https://economictimes.indiatimes.com/markets/stocks/news/hdfc-bank-adrs-crash-another-4-after-sharp-selloff-hinting-at-more-losses-on-friday/articleshow/129684783.cms",
  "pubDate": "Thu, 19 Mar 2026 23:03:41 +0530",
  "contentSnippet": "HDFC Bank's US-listed shares dipped further following the former chairman's sudden resignation, citing ethical concerns. Despite management's reassurances and a lack of specific details, investors remain cautious. Analysts, however, see the stock correction as a potential buying opportunity, emphasizing the bank's strong fundamentals and leadership continuity over perceived tactical differences.",
  "source": "Economic Times",
  "guid": "https://economictimes.indiatimes.com/markets/stocks/news/hdfc-bank-adrs-crash-another-4-after-sharp-selloff-hinting-at-more-losses-on-friday/articleshow/129684783.cms",
  "impact": {
    "sentiment": "NEUTRAL",
    "impactScore": 5,
    "keywords": [],
    "reasoning": "No significant keywords found."
  },
  "relatedStock": {
    "symbol": "HDFCBANK.NS",
    "price": 798.2,
    "change": -44.849976,
    "changePercent": -5.3199663,
    "currency": "INR",
    "targetPrice": 1152.8158,
    "potentialUpside": 44.4269356051115,
    "recommendation": "strong_buy"
  }
}
